(
name: "First",
gltf: "models/maps/First.glb",
icon: "icons/maps/First.png",
waypoints: [
    (10.0, 0.0, 10.0)
],
paths: [(
    waypoints: [0],
    spawner: (
        spawns: [
            [
                (
                    (
                        secs: 5,
                        nanos: 0,
                    ),
                    "Knight",
                ),
                (
                    (
                        secs: 2,
                        nanos: 0,
                    ),
                    "Knight",
                ),
                (
                    (
                        secs: 1,
                        nanos: 0,
                    ),
                    "Knight",
                ),
                (
                    (
                        secs: 5,
                        nanos: 0,
                    ),
                    "Knight",
                ),
                (
                    (
                        secs: 10,
                        nanos: 0,
                    ),
                    "Knight",
                ),
            ]
        ],
    )
)],
tower_plots: [],
)
